my_function error: TypeError. Inputs (1, '2'), {}
